<?xml version="1.0" encoding="UTF-8"?>
<testsuites>
  <testsuite name="Bldr.io Suite" tests="24" assertions="41" failures="0" errors="0" time="0.618437">
    <testsuite name="Bldr\Test\ApplicationTest" file="/home/travis/build/bldr-io/bldr/tests/ApplicationTest.php" tests="9" assertions="12" failures="0" errors="0" time="0.350775">
      <testcase name="testConstructor" class="Bldr\Test\ApplicationTest" file="/home/travis/build/bldr-io/bldr/tests/ApplicationTest.php" line="31" assertions="2" time="0.046487"/>
      <testcase name="testSetBuildName" class="Bldr\Test\ApplicationTest" file="/home/travis/build/bldr-io/bldr/tests/ApplicationTest.php" line="51" assertions="2" time="0.041542"/>
      <testcase name="testGetDispatcher" class="Bldr\Test\ApplicationTest" file="/home/travis/build/bldr-io/bldr/tests/ApplicationTest.php" line="79" assertions="1" time="0.000278"/>
      <testcase name="testSetConfig" class="Bldr\Test\ApplicationTest" file="/home/travis/build/bldr-io/bldr/tests/ApplicationTest.php" line="97" assertions="0" time="0.001426"/>
      <testcase name="testGetConfig" class="Bldr\Test\ApplicationTest" file="/home/travis/build/bldr-io/bldr/tests/ApplicationTest.php" line="108" assertions="1" time="0.000467"/>
      <testcase name="testGetCommands" class="Bldr\Test\ApplicationTest" file="/home/travis/build/bldr-io/bldr/tests/ApplicationTest.php" line="120" assertions="3" time="0.007702"/>
      <testcase name="testGetDefaultHelperSet" class="Bldr\Test\ApplicationTest" file="/home/travis/build/bldr-io/bldr/tests/ApplicationTest.php" line="136" assertions="1" time="0.001574"/>
      <testcase name="testDoRunCommand" class="Bldr\Test\ApplicationTest" file="/home/travis/build/bldr-io/bldr/tests/ApplicationTest.php" line="155" assertions="1" time="0.239135"/>
      <testcase name="testGetBuildContainer" class="Bldr\Test\ApplicationTest" file="/home/travis/build/bldr-io/bldr/tests/ApplicationTest.php" line="185" assertions="1" time="0.012164"/>
    </testsuite>
    <testsuite name="Bldr\Test\Call\AbstractCallTest" file="/home/travis/build/bldr-io/bldr/tests/Call/AbstractCallTest.php" tests="2" assertions="9" failures="0" errors="0" time="0.050781">
      <testcase name="testInitialize" class="Bldr\Test\Call\AbstractCallTest" file="/home/travis/build/bldr-io/bldr/tests/Call/AbstractCallTest.php" line="27" assertions="6" time="0.044788"/>
      <testcase name="testSetTask" class="Bldr\Test\Call\AbstractCallTest" file="/home/travis/build/bldr-io/bldr/tests/Call/AbstractCallTest.php" line="69" assertions="3" time="0.005993"/>
    </testsuite>
    <testsuite name="Bldr\Test\Command\BuildCommandTest" file="/home/travis/build/bldr-io/bldr/tests/Command/BuildCommandTest.php" tests="3" assertions="2" failures="0" errors="0" time="0.096482">
      <testcase name="testExecute" class="Bldr\Test\Command\BuildCommandTest" file="/home/travis/build/bldr-io/bldr/tests/Command/BuildCommandTest.php" line="25" assertions="0" time="0.081816"/>
      <testcase name="testExecuteMultipleServices" class="Bldr\Test\Command\BuildCommandTest" file="/home/travis/build/bldr-io/bldr/tests/Command/BuildCommandTest.php" line="74" assertions="1" time="0.008898"/>
      <testcase name="testExecuteNoServices" class="Bldr\Test\Command\BuildCommandTest" file="/home/travis/build/bldr-io/bldr/tests/Command/BuildCommandTest.php" line="123" assertions="1" time="0.005768"/>
    </testsuite>
    <testsuite name="Bldr\Test\Command\InitCommandTest" file="/home/travis/build/bldr-io/bldr/tests/Command/InitCommandTest.php" tests="1" assertions="0" failures="0" errors="0" time="0.059320">
      <testcase name="testExecute" class="Bldr\Test\Command\InitCommandTest" file="/home/travis/build/bldr-io/bldr/tests/Command/InitCommandTest.php" line="32" assertions="0" time="0.059320"/>
    </testsuite>
    <testsuite name="Bldr\Test\ConfigTest" file="/home/travis/build/bldr-io/bldr/tests/ConfigTest.php" tests="4" assertions="7" failures="0" errors="0" time="0.055315">
      <testcase name="testCreate" class="Bldr\Test\ConfigTest" file="/home/travis/build/bldr-io/bldr/tests/ConfigTest.php" line="24" assertions="4" time="0.013916"/>
      <testcase name="testIsTypeAllowedException" class="Bldr\Test\ConfigTest" file="/home/travis/build/bldr-io/bldr/tests/ConfigTest.php" line="44" assertions="1" time="0.000601"/>
      <testcase name="testCheckForFileException" class="Bldr\Test\ConfigTest" file="/home/travis/build/bldr-io/bldr/tests/ConfigTest.php" line="52" assertions="1" time="0.040088"/>
      <testcase name="testGetFileException" class="Bldr\Test\ConfigTest" file="/home/travis/build/bldr-io/bldr/tests/ConfigTest.php" line="60" assertions="1" time="0.000710"/>
    </testsuite>
    <testsuite name="Bldr\Test\Helper\DialogHelperTest" file="/home/travis/build/bldr-io/bldr/tests/Helper/DialogHelperTest.php" tests="1" assertions="4" failures="0" errors="0" time="0.000709">
      <testcase name="testGetQuestion" class="Bldr\Test\Helper\DialogHelperTest" file="/home/travis/build/bldr-io/bldr/tests/Helper/DialogHelperTest.php" line="22" assertions="4" time="0.000709"/>
    </testsuite>
    <testsuite name="Bldr\Test\Model\CallTest" file="/home/travis/build/bldr-io/bldr/tests/Model/CallTest.php" tests="3" assertions="3" failures="0" errors="0" time="0.003890">
      <testcase name="testMagicSet" class="Bldr\Test\Model\CallTest" file="/home/travis/build/bldr-io/bldr/tests/Model/CallTest.php" line="25" assertions="0" time="0.000243"/>
      <testcase name="testMagicGet" class="Bldr\Test\Model\CallTest" file="/home/travis/build/bldr-io/bldr/tests/Model/CallTest.php" line="38" assertions="1" time="0.000290"/>
      <testcase name="testHas" class="Bldr\Test\Model\CallTest" file="/home/travis/build/bldr-io/bldr/tests/Model/CallTest.php" line="48" assertions="2" time="0.003357"/>
    </testsuite>
    <testsuite name="Bldr\Test\Model\TaskTest" file="/home/travis/build/bldr-io/bldr/tests/Model/TaskTest.php" tests="1" assertions="4" failures="0" errors="0" time="0.001165">
      <testcase name="testConstructor" class="Bldr\Test\Model\TaskTest" file="/home/travis/build/bldr-io/bldr/tests/Model/TaskTest.php" line="22" assertions="4" time="0.001165"/>
    </testsuite>
  </testsuite>
</testsuites>
